// Jest Snapshot v1, https://goo.gl/fbAQLP

exports[`<Cart/> renders and matches snappy 1`] = `
<header>
  <ForwardRef(CloseButton)
    onClick={[Function]}
    title="close"
  >
    <StyledComponent
      forwardedComponent={
        Object {
          "$$typeof": Symbol(react.forward_ref),
          "attrs": Array [],
          "componentStyle": ComponentStyle {
            "componentId": "CloseButton-sc-1seb878-0",
            "isStatic": false,
            "lastClassName": "gnLjyD",
            "rules": Array [
              "background:black;color:white;font-size:2rem;border:0;position:absolute;z-index:2;right:0;",
            ],
          },
          "displayName": "CloseButton",
          "foldedComponentIds": Array [],
          "render": [Function],
          "styledComponentId": "CloseButton-sc-1seb878-0",
          "target": "button",
          "toString": [Function],
          "warnTooManyClasses": [Function],
          "withComponent": [Function],
        }
      }
      forwardedRef={null}
      onClick={[Function]}
      title="close"
    >
      <button
        className="CloseButton-sc-1seb878-0 gnLjyD"
        onClick={[Function]}
        title="close"
      >
        Ã—
      </button>
    </StyledComponent>
  </ForwardRef(CloseButton)>
  <ForwardRef(Supreme)>
    <StyledComponent
      forwardedComponent={
        Object {
          "$$typeof": Symbol(react.forward_ref),
          "attrs": Array [],
          "componentStyle": ComponentStyle {
            "componentId": "Supreme-xv30qb-0",
            "isStatic": false,
            "lastClassName": "ccRwsr",
            "rules": Array [
              "background:",
              [Function],
              ";color:white;display:inline-block;padding:2px 2.5px;transform:skew(-3deg);margin:0;font-size:1.5rem;",
            ],
          },
          "displayName": "Supreme",
          "foldedComponentIds": Array [],
          "render": [Function],
          "styledComponentId": "Supreme-xv30qb-0",
          "target": "h3",
          "toString": [Function],
          "warnTooManyClasses": [Function],
          "withComponent": [Function],
        }
      }
      forwardedRef={null}
    >
      <h3
        className="Supreme-xv30qb-0 ccRwsr"
      >
        Miss Coleman Berge
        's Cart
      </h3>
    </StyledComponent>
  </ForwardRef(Supreme)>
  <p>
    Your have 
    1
     item
     in your cart.
  </p>
</header>
`;
